// Jest Snapshot v1, https://goo.gl/fbAQLP

exports[`Article component renders Article 1`] = `
<DocumentFragment>
  <div>
    <img />
    <h2 />
    <h4 />
    <p />
    <a>
      View Article
    </a>
  </div>
</DocumentFragment>
`;
